Component: ARM Compiler 5.05 update 1 (build 106) Tool: armlink [4d0efa]

==============================================================================

Section Cross References

    main.o(.text) refers to _printf_percent.o(.ARM.Collect$$_printf_percent$$00000000) for _printf_percent
    main.o(.text) refers to _printf_d.o(.ARM.Collect$$_printf_percent$$00000009) for _printf_d
    main.o(.text) refers to _printf_dec.o(.text) for _printf_int_dec
    main.o(.text) refers to os_time.o(.text) for OSTimeDlyHMSM
    main.o(.text) refers to os_tmr.o(.text) for OSTmrStart
    main.o(.text) refers to key.o(.text) for key_set
    main.o(.text) refers to led.o(.text) for on_leep
    main.o(.text) refers to exti.o(.text) for check_ch1x6_dk
    main.o(.text) refers to cpu_core.o(.text) for CPU_Init
    main.o(.text) refers to os_stat.o(.text) for OSStatTaskCPUUsageInit
    main.o(.text) refers to os_core.o(.text) for OSSchedRoundRobinCfg
    main.o(.text) refers to cpu_a.o(.text) for CPU_SR_Save
    main.o(.text) refers to os_task.o(.text) for OSTaskCreate
    main.o(.text) refers to delay.o(.text) for delay_init
    main.o(.text) refers to misc.o(.text) for NVIC_PriorityGroupConfig
    main.o(.text) refers to usart.o(.text) for uart_init
    main.o(.text) refers to usart3.o(.text) for usart3_init
    main.o(.text) refers to timer.o(.text) for TIM3_Int_Init
    main.o(.text) refers to adc.o(.text) for Adc_Init
    main.o(.text) refers to w25qxx.o(.text) for W25QXX_Init
    main.o(.text) refers to __2printf.o(.text) for __2printf
    main.o(.text) refers to stm32f10x_usart.o(.text) for USART_SendData
    main.o(.text) refers to main.o(.bss) for .bss
    main.o(.text) refers to main.o(.data) for .data
    main.o(.text) refers to led.o(.data) for set_ch2_bo
    main.o(.text) refers to os_var.o(.data) for OSSchedLockNestingCtr
    main.o(.text) refers to os_var.o(.data) for OSIntQNbrEntries
    system_stm32f10x.o(.text) refers to system_stm32f10x.o(.data) for .data
    led.o(.text) refers to stm32f10x_rcc.o(.text) for RCC_APB2PeriphClockCmd
    led.o(.text) refers to stm32f10x_gpio.o(.text) for GPIO_Init
    led.o(.text) refers to stm32f10x_usart.o(.text) for USART_SendData
    led.o(.text) refers to delay.o(.text) for delay_us
    led.o(.text) refers to main.o(.data) for bisuo_boo
    led.o(.text) refers to adc.o(.data) for ch2_duan_kai
    led.o(.text) refers to adc.o(.data) for ch1_duan_kai
    led.o(.text) refers to led.o(.data) for .data
    led.o(.text) refers to adc.o(.data) for ch3_duan_kai
    led.o(.text) refers to adc.o(.data) for ch4_duan_kai
    led.o(.text) refers to adc.o(.data) for ch5_duan_kai
    led.o(.text) refers to adc.o(.data) for ch6_duan_kai
    led.o(.text) refers to main.o(.data) for system_start_EL
    led.o(.text) refers to exti.o(.data) for tan_xue_boo
    led.o(.text) refers to key.o(.data) for zhi_unm_date
    led.o(.text) refers to adc.o(.text) for Get_ch1
    led.o(.text) refers to key.o(.text) for set_ch2_sinc
    led.o(.text) refers to timer.o(.data) for ch2_unm
    led.o(.text) refers to timer.o(.data) for ch2_time
    led.o(.text) refers to timer.o(.data) for ch6_unm
    led.o(.text) refers to timer.o(.data) for ch5_unm
    led.o(.text) refers to timer.o(.data) for ch4_unm
    led.o(.text) refers to timer.o(.data) for ch3_unm
    led.o(.text) refers to timer.o(.data) for ch1_unm
    key.o(.text) refers to _printf_percent.o(.ARM.Collect$$_printf_percent$$00000000) for _printf_percent
    key.o(.text) refers to _printf_x.o(.ARM.Collect$$_printf_percent$$0000000C) for _printf_x
    key.o(.text) refers to _printf_hex_int_ll_ptr.o(.text) for _printf_longlong_hex
    key.o(.text) refers to stm32f10x_rcc.o(.text) for RCC_APB2PeriphClockCmd
    key.o(.text) refers to stm32f10x_gpio.o(.text) for GPIO_Init
    key.o(.text) refers to delay.o(.text) for delay_ms
    key.o(.text) refers to __2printf.o(.text) for __2printf
    key.o(.text) refers to stm32f10x_usart.o(.text) for USART_SendData
    key.o(.text) refers to key.o(.data) for .data
    key.o(.text) refers to key.o(.bss) for .bss
    key.o(.text) refers to main.o(.data) for system_start_EL
    key.o(.text) refers to w25qxx.o(.text) for W25QXX_Write
    key.o(.text) refers to led.o(.data) for set_ch1_bo
    key.o(.text) refers to timer.o(.data) for ch1_unm
    key.o(.text) refers to timer.o(.data) for ch2_unm
    key.o(.text) refers to timer.o(.data) for ch3_unm
    key.o(.text) refers to timer.o(.data) for ch4_unm
    key.o(.text) refers to timer.o(.data) for ch5_unm
    key.o(.text) refers to timer.o(.data) for ch6_unm
    key.o(.text) refers to stm32f10x_tim.o(.text) for TIM_Cmd
    key.o(.text) refers to exti.o(.data) for ch1_chexe
    key.o(.text) refers to main.o(.data) for elect_time
    key.o(.text) refers to main.o(.data) for wendu
    stmflash.o(.text) refers to stm32f10x_flash.o(.text) for FLASH_ProgramHalfWord
    stmflash.o(.text) refers to stmflash.o(.bss) for .bss
[...]
    OS_MutexClr                              0x0800be33   Thumb Code    24  os_mutex.o(.text)
    OS_MutexDbgListRemove                    0x0800be4b   Thumb Code    36  os_mutex.o(.text)
    OSMutexDel                               0x0800be6f   Thumb Code   470  os_mutex.o(.text)
    OSMutexPend                              0x0800c045   Thumb Code   490  os_mutex.o(.text)
    OSMutexPendAbort                         0x0800c22f   Thumb Code   196  os_mutex.o(.text)
    OSMutexPost                              0x0800c2f3   Thumb Code   364  os_mutex.o(.text)
    OS_MutexInit                             0x0800c45f   Thumb Code    14  os_mutex.o(.text)
    OS_PrioInit                              0x0800c48d   Thumb Code    18  os_prio.o(.text)
    OS_PrioGetHighest                        0x0800c49f   Thumb Code    32  os_prio.o(.text)
    OS_PrioInsert                            0x0800c4bf   Thumb Code    28  os_prio.o(.text)
    OS_PrioRemove                            0x0800c4db   Thumb Code    28  os_prio.o(.text)
    OS_QDbgListAdd                           0x0800c4fd   Thumb Code    26  os_q.o(.text)
    OSQCreate                                0x0800c517   Thumb Code   118  os_q.o(.text)
    OS_QClr                                  0x0800c58d   Thumb Code    40  os_q.o(.text)
    OS_QDbgListRemove                        0x0800c5b5   Thumb Code    36  os_q.o(.text)
    OSQDel                                   0x0800c5d9   Thumb Code   256  os_q.o(.text)
    OSQFlush                                 0x0800c6d9   Thumb Code   116  os_q.o(.text)
    OSQPend                                  0x0800c74d   Thumb Code   344  os_q.o(.text)
    OSQPendAbort                             0x0800c8a5   Thumb Code   236  os_q.o(.text)
    OS_QPost                                 0x0800c991   Thumb Code   194  os_q.o(.text)
    OSQPost                                  0x0800ca53   Thumb Code   146  os_q.o(.text)
    OS_QInit                                 0x0800cae5   Thumb Code    14  os_q.o(.text)
    OS_SemDbgListAdd                         0x0800cb0d   Thumb Code    26  os_sem.o(.text)
    OSSemCreate                              0x0800cb27   Thumb Code   104  os_sem.o(.text)
    OS_SemClr                                0x0800cb8f   Thumb Code    22  os_sem.o(.text)
    OS_SemDbgListRemove                      0x0800cba5   Thumb Code    36  os_sem.o(.text)
    OSSemDel                                 0x0800cbc9   Thumb Code   256  os_sem.o(.text)
    OSSemPend                                0x0800ccc9   Thumb Code   298  os_sem.o(.text)
    OSSemPendAbort                           0x0800cdf3   Thumb Code   196  os_sem.o(.text)
    OS_SemPost                               0x0800ceb7   Thumb Code   202  os_sem.o(.text)
    OSSemPost                                0x0800cf81   Thumb Code   114  os_sem.o(.text)
    OSSemSet                                 0x0800cff3   Thumb Code    78  os_sem.o(.text)
    OS_SemInit                               0x0800d041   Thumb Code    14  os_sem.o(.text)
    OSStatReset                              0x0800d061   Thumb Code   150  os_stat.o(.text)
    OSStatTaskCPUUsageInit                   0x0800d0f7   Thumb Code   126  os_stat.o(.text)
    OS_StatTask                              0x0800d175   Thumb Code   482  os_stat.o(.text)
    OS_StatTaskInit                          0x0800d357   Thumb Code   120  os_stat.o(.text)
    OSTaskChangePrio                         0x0800d461   Thumb Code   240  os_task.o(.text)
    OS_TaskDbgListAdd                        0x0800d551   Thumb Code    30  os_task.o(.text)
    OS_TaskInitTCB                           0x0800d56f   Thumb Code   180  os_task.o(.text)
    OSTaskCreate                             0x0800d623   Thumb Code   400  os_task.o(.text)
    OS_TaskDbgListRemove                     0x0800d7b3   Thumb Code    50  os_task.o(.text)
    OSTaskDel                                0x0800d7e5   Thumb Code   310  os_task.o(.text)
    OSTaskQFlush                             0x0800d91b   Thumb Code   106  os_task.o(.text)
    OSTaskQPend                              0x0800d985   Thumb Code   328  os_task.o(.text)
    OSTaskQPendAbort                         0x0800dacd   Thumb Code   140  os_task.o(.text)
    OS_TaskQPost                             0x0800db59   Thumb Code   222  os_task.o(.text)
    OSTaskQPost                              0x0800dc37   Thumb Code    96  os_task.o(.text)
    OSTaskRegGet                             0x0800dc97   Thumb Code    66  os_task.o(.text)
    OSTaskRegGetID                           0x0800dcd9   Thumb Code    42  os_task.o(.text)
    OSTaskRegSet                             0x0800dd03   Thumb Code    40  os_task.o(.text)
    OS_TaskResume                            0x0800dd2b   Thumb Code   184  os_task.o(.text)
    OSTaskResume                             0x0800dde3   Thumb Code    78  os_task.o(.text)
    OSTaskSemPend                            0x0800de31   Thumb Code   300  os_task.o(.text)
    OSTaskSemPendAbort                       0x0800df5d   Thumb Code   148  os_task.o(.text)
    OS_TaskSemPost                           0x0800dff1   Thumb Code   284  os_task.o(.text)
    OSTaskSemPost                            0x0800e10d   Thumb Code    78  os_task.o(.text)
    OSTaskSemSet                             0x0800e15b   Thumb Code    52  os_task.o(.text)
    OSTaskStkChk                             0x0800e18f   Thumb Code   136  os_task.o(.text)
    OS_TaskSuspend                           0x0800e217   Thumb Code   158  os_task.o(.text)
    OSTaskSuspend                            0x0800e2b5   Thumb Code    64  os_task.o(.text)
    OSTaskTimeQuantaSet                      0x0800e2f5   Thumb Code    68  os_task.o(.text)
    OS_TaskInit                              0x0800e339   Thumb Code    18  os_task.o(.text)
    OS_TaskReturn                            0x0800e34b   Thumb Code    20  os_task.o(.text)
    OS_TickListRemove                        0x0800e38d   Thumb Code    54  os_tick.o(.text)
    OS_TickListUpdate                        0x0800e3c3   Thumb Code   304  os_tick.o(.text)
    OS_TickTask                              0x0800e4f3   Thumb Code    36  os_tick.o(.text)
    OS_TickListInit                          0x0800e517   Thumb Code    34  os_tick.o(.text)
    OS_TickTaskInit                          0x0800e539   Thumb Code   114  os_tick.o(.text)
    OS_TickListInsert                        0x0800e5ab   Thumb Code   202  os_tick.o(.text)
    OS_TickListResetPeak                     0x0800e675   Thumb Code    30  os_tick.o(.text)
    OSTimeDly                                0x0800e6dd   Thumb Code   158  os_time.o(.text)
    OSTimeDlyHMSM                            0x0800e77b   Thumb Code   308  os_time.o(.text)
    OSTimeDlyResume                          0x0800e8af   Thumb Code   184  os_time.o(.text)
    OSTimeGet                                0x0800e967   Thumb Code    24  os_time.o(.text)
    OSTimeSet                                0x0800e97f   Thumb Code    24  os_time.o(.text)
    OSTimeTick                               0x0800e997   Thumb Code    52  os_time.o(.text)
    OS_TmrDbgListAdd                         0x0800e9ed   Thumb Code    22  os_tmr.o(.text)
    OSTmrCreate                              0x0800ea03   Thumb Code   168  os_tmr.o(.text)
    OS_TmrClr                                0x0800eaab   Thumb Code    34  os_tmr.o(.text)
    OS_TmrUnlink                             0x0800eacd   Thumb Code    68  os_tmr.o(.text)
    OS_TmrDbgListRemove                      0x0800eb11   Thumb Code    36  os_tmr.o(.text)
    OSTmrDel                                 0x0800eb35   Thumb Code   134  os_tmr.o(.text)
    OSTmrRemainGet                           0x0800ebbb   Thumb Code   140  os_tmr.o(.text)
    OS_TmrLink                               0x0800ec47   Thumb Code   140  os_tmr.o(.text)
    OSTmrStart                               0x0800ecd3   Thumb Code   122  os_tmr.o(.text)
    OSTmrStateGet                            0x0800ed4d   Thumb Code    86  os_tmr.o(.text)
    OSTmrStop                                0x0800eda3   Thumb Code   226  os_tmr.o(.text)
    OS_TmrTask                               0x0800ee85   Thumb Code   164  os_tmr.o(.text)
    OS_TmrInit                               0x0800ef29   Thumb Code   174  os_tmr.o(.text)
    OS_TmrResetPeak                          0x0800efd7   Thumb Code    30  os_tmr.o(.text)
    OSIdleTaskHook                           0x0800f049   Thumb Code    12  os_cpu_c.o(.text)
    OSInitHook                               0x0800f055   Thumb Code    22  os_cpu_c.o(.text)
    OSStatTaskHook                           0x0800f06b   Thumb Code    12  os_cpu_c.o(.text)
    OSTaskCreateHook                         0x0800f077   Thumb Code    12  os_cpu_c.o(.text)
    OSTaskDelHook                            0x0800f083   Thumb Code    12  os_cpu_c.o(.text)
    OSTaskReturnHook                         0x0800f08f   Thumb Code    12  os_cpu_c.o(.text)
    OSTaskStkInit                            0x0800f09b   Thumb Code    96  os_cpu_c.o(.text)
    OSTaskSwHook                             0x0800f0fb   Thumb Code    72  os_cpu_c.o(.text)
    OSTimeTickHook                           0x0800f143   Thumb Code    12  os_cpu_c.o(.text)
    OS_CPU_SysTickHandler                    0x0800f14f   Thumb Code    30  os_cpu_c.o(.text)
    OS_CPU_SysTickInit                       0x0800f16d   Thumb Code    36  os_cpu_c.o(.text)
    __use_no_semihosting                     0x0800f1d1   Thumb Code     2  use_no_semi_2.o(.text)
    __aeabi_uldivmod                         0x0800f1d3   Thumb Code     0  lludivv7m.o(.text)
    _ll_udiv                                 0x0800f1d3   Thumb Code   238  lludivv7m.o(.text)
    __c89vsprintf                            0x0800f2c1   Thumb Code    32  c89vsprintf.o(.text)
    __2printf                                0x0800f2e5   Thumb Code    20  __2printf.o(.text)
    _printf_int_dec                          0x0800f2fd   Thumb Code   102  _printf_dec.o(.text)
    _printf_longlong_hex                     0x0800f375   Thumb Code    92  _printf_hex_int_ll_ptr.o(.text)
    _printf_int_hex                          0x0800f3d1   Thumb Code    28  _printf_hex_int_ll_ptr.o(.text)
    _printf_ll_hex                           0x0800f3ed   Thumb Code    12  _printf_hex_int_ll_ptr.o(.text)
    _printf_hex_ptr                          0x0800f3f9   Thumb Code    18  _printf_hex_int_ll_ptr.o(.text)
    __printf                                 0x0800f411   Thumb Code   390  __printf_flags_ss_wp.o(.text)
    strstr                                   0x0800f59d   Thumb Code    36  strstr.o(.text)
    strlen                                   0x0800f5c1   Thumb Code    62  strlen.o(.text)
    __use_two_region_memory                  0x0800f5ff   Thumb Code     2  heapauxi.o(.text)
    __rt_heap_escrow$2region                 0x0800f601   Thumb Code     2  heapauxi.o(.text)
    __rt_heap_expand$2region                 0x0800f603   Thumb Code     2  heapauxi.o(.text)
    __I$use$semihosting                      0x0800f605   Thumb Code     0  use_no_semi.o(.text)
    __use_no_semihosting_swi                 0x0800f605   Thumb Code     2  use_no_semi.o(.text)
    _printf_pre_padding                      0x0800f607   Thumb Code    46  _printf_pad.o(.text)
    _printf_post_padding                     0x0800f635   Thumb Code    36  _printf_pad.o(.text)
    _printf_truncate_signed                  0x0800f659   Thumb Code    18  _printf_truncate.o(.text)
    _printf_truncate_unsigned                0x0800f66b   Thumb Code    18  _printf_truncate.o(.text)
    _printf_str                              0x0800f67d   Thumb Code    82  _printf_str.o(.text)
    _printf_int_common                       0x0800f6cf   Thumb Code   184  _printf_intcommon.o(.text)
    _printf_charcount                        0x0800f787   Thumb Code    42  _printf_charcount.o(.text)
    _printf_char_common                      0x0800f7bb   Thumb Code    32  _printf_char_common.o(.text)
    _sputc                                   0x0800f7e1   Thumb Code    10  _sputc.o(.text)
    _printf_char_file                        0x0800f7ed   Thumb Code    32  _printf_char_file.o(.text)
    _printf_wctomb                           0x0800f811   Thumb Code   182  _printf_wctomb.o(.text)
    _printf_longlong_dec                     0x0800f8cd   Thumb Code   104  _printf_longlong_dec.o(.text)
    _printf_longlong_oct                     0x0800f945   Thumb Code    76  _printf_oct_int_ll.o(.text)
    _printf_int_oct                          0x0800f991   Thumb Code    24  _printf_oct_int_ll.o(.text)
    _printf_ll_oct                           0x0800f9a9   Thumb Code    12  _printf_oct_int_ll.o(.text)
    _ll_udiv10                               0x0800f9bd   Thumb Code   138  lludiv10.o(.text)
    __lib_sel_fp_printf                      0x0800fa47   Thumb Code     2  _printf_fp_dec.o(.text)
    _printf_fp_dec_real                      0x0800fbf3   Thumb Code   628  _printf_fp_dec.o(.text)
    _printf_cs_common                        0x0800fe67   Thumb Code    20  _printf_char.o(.text)
    _printf_char                             0x0800fe7b   Thumb Code    16  _printf_char.o(.text)
    _printf_string                           0x0800fe8b   Thumb Code     8  _printf_char.o(.text)
    _printf_lcs_common                       0x0800fe93   Thumb Code    20  _printf_wchar.o(.text)
    _printf_wchar                            0x0800fea7   Thumb Code    16  _printf_wchar.o(.text)
    _printf_wstring                          0x0800feb7   Thumb Code     8  _printf_wchar.o(.text)
    ferror                                   0x0800febf   Thumb Code     8  ferror.o(.text)
    _wcrtomb                                 0x0800fec7   Thumb Code    64  _wcrtomb.o(.text)
    __user_setup_stackheap                   0x0800ff07   Thumb Code    74  sys_stackheap_outer.o(.text)
    __rt_ctype_table                         0x0800ff51   Thumb Code    16  rt_ctype_table.o(.text)
    __rt_locale                              0x0800ff61   Thumb Code     8  rt_locale_intlibspace.o(.text)
    _printf_fp_infnan                        0x0800ff69   Thumb Code   112  _printf_fp_infnan.o(.text)
    _btod_etento                             0x0800ffe9   Thumb Code   222  bigflt0.o(.text)
    exit                                     0x080100cd   Thumb Code    12  exit.o(.text)
    __user_libspace                          0x080100d9   Thumb Code     8  libspace.o(.text)
    __user_perproc_libspace                  0x080100d9   Thumb Code     0  libspace.o(.text)
    __user_perthread_libspace                0x080100d9   Thumb Code     0  libspace.o(.text)
    strcmp                                   0x080100e1   Thumb Code   128  strcmpv7m.o(.text)
    _btod_d2e                                0x08010161   Thumb Code    62  btod.o(CL$$btod_d2e)
    _d2e_denorm_low                          0x0801019f   Thumb Code    70  btod.o(CL$$btod_d2e_denorm_low)
    _d2e_norm_op1                            0x080101e5   Thumb Code    96  btod.o(CL$$btod_d2e_norm_op1)
    __btod_div_common                        0x08010245   Thumb Code   696  btod.o(CL$$btod_div_common)
    _e2e                                     0x0801057d   Thumb Code   198  btod.o(CL$$btod_e2e)
    _btod_ediv                               0x08010643   Thumb Code    40  btod.o(CL$$btod_ediv)
    _btod_emul                               0x0801066b   Thumb Code    40  btod.o(CL$$btod_emul)
    __btod_mult_common                       0x08010693   Thumb Code   580  btod.o(CL$$btod_mult_common)
    OSStartHighRdy                           0x080108d9   Thumb Code     0  os_cpu_a.o(CODE)
    OSCtxSw                                  0x080108fb   Thumb Code     0  os_cpu_a.o(CODE)
    OSIntCtxSw                               0x08010905   Thumb Code     0  os_cpu_a.o(CODE)
    PendSV_Handler                           0x0801090f   Thumb Code     0  os_cpu_a.o(CODE)
    __ARM_fpclassify                         0x08010971   Thumb Code    40  fpclassify.o(i.__ARM_fpclassify)
    _is_digit                                0x08010999   Thumb Code    14  __printf_wp.o(i._is_digit)
    _get_lc_numeric                          0x080109a9   Thumb Code    44  lc_numeric_c.o(locale$$code)
    _get_lc_ctype                            0x080109d5   Thumb Code    44  lc_ctype_c.o(locale$$code)
    _printf_fp_dec                           0x08010a01   Thumb Code     4  printf1.o(x$fpl$printf1)
    __I$use$fp                               0x08010a04   Number         0  usenofp.o(x$fpl$usenofp)
    table_week                               0x08010a04   Data          12  rtc.o(.constdata)
    mon_table                                0x08010a10   Data          12  rtc.o(.constdata)
    OSCfg_StatTaskPrio                       0x08010bb0   Data           1  os_cfg_app.o(.constdata)
    OSCfg_TickTaskPrio                       0x08010bb1   Data           1  os_cfg_app.o(.constdata)
    OSCfg_TmrTaskPrio                        0x08010bb2   Data           1  os_cfg_app.o(.constdata)
    OSCfg_IntQSize                           0x08010bb4   Data           2  os_cfg_app.o(.constdata)
    OSCfg_MsgPoolSize                        0x08010bb6   Data           2  os_cfg_app.o(.constdata)
    OSCfg_TickWheelSize                      0x08010bb8   Data           2  os_cfg_app.o(.constdata)
    OSCfg_TmrWheelSize                       0x08010bba   Data           2  os_cfg_app.o(.constdata)
    OSCfg_IdleTaskStkBasePtr                 0x08010bbc   Data           4  os_cfg_app.o(.constdata)
    OSCfg_IdleTaskStkLimit                   0x08010bc0   Data           4  os_cfg_app.o(.constdata)
    OSCfg_IdleTaskStkSize                    0x08010bc4   Data           4  os_cfg_app.o(.constdata)
    OSCfg_IdleTaskStkSizeRAM                 0x08010bc8   Data           4  os_cfg_app.o(.constdata)
    OSCfg_IntQBasePtr                        0x08010bcc   Data           4  os_cfg_app.o(.constdata)
    OSCfg_IntQSizeRAM                        0x08010bd0   Data           4  os_cfg_app.o(.constdata)
    OSCfg_IntQTaskStkBasePtr                 0x08010bd4   Data           4  os_cfg_app.o(.constdata)
    OSCfg_IntQTaskStkLimit                   0x08010bd8   Data           4  os_cfg_app.o(.constdata)
    OSCfg_IntQTaskStkSize                    0x08010bdc   Data           4  os_cfg_app.o(.constdata)
    OSCfg_IntQTaskStkSizeRAM                 0x08010be0   Data           4  os_cfg_app.o(.constdata)
    OSCfg_ISRStkBasePtr                      0x08010be4   Data           4  os_cfg_app.o(.constdata)
    OSCfg_ISRStkSize                         0x08010be8   Data           4  os_cfg_app.o(.constdata)
    OSCfg_ISRStkSizeRAM                      0x08010bec   Data           4  os_cfg_app.o(.constdata)
    OSCfg_MsgPoolSizeRAM                     0x08010bf0   Data           4  os_cfg_app.o(.constdata)
    OSCfg_MsgPoolBasePtr                     0x08010bf4   Data           4  os_cfg_app.o(.constdata)
    OSCfg_StatTaskRate_Hz                    0x08010bf8   Data           4  os_cfg_app.o(.constdata)
    OSCfg_StatTaskStkBasePtr                 0x08010bfc   Data           4  os_cfg_app.o(.constdata)
    OSCfg_StatTaskStkLimit                   0x08010c00   Data           4  os_cfg_app.o(.constdata)
    OSCfg_StatTaskStkSize                    0x08010c04   Data           4  os_cfg_app.o(.constdata)
    OSCfg_StatTaskStkSizeRAM                 0x08010c08   Data           4  os_cfg_app.o(.constdata)
    OSCfg_StkSizeMin                         0x08010c0c   Data           4  os_cfg_app.o(.constdata)
    OSCfg_TickRate_Hz                        0x08010c10   Data           4  os_cfg_app.o(.constdata)
    OSCfg_TickTaskStkBasePtr                 0x08010c14   Data           4  os_cfg_app.o(.constdata)
    OSCfg_TickTaskStkLimit                   0x08010c18   Data           4  os_cfg_app.o(.constdata)
    OSCfg_TickTaskStkSize                    0x08010c1c   Data           4  os_cfg_app.o(.constdata)
    OSCfg_TickTaskStkSizeRAM                 0x08010c20   Data           4  os_cfg_app.o(.constdata)
    OSCfg_TickWheelSizeRAM                   0x08010c24   Data           4  os_cfg_app.o(.constdata)
    OSCfg_TmrTaskRate_Hz                     0x08010c28   Data           4  os_cfg_app.o(.constdata)
    OSCfg_TmrTaskStkBasePtr                  0x08010c2c   Data           4  os_cfg_app.o(.constdata)
    OSCfg_TmrTaskStkLimit                    0x08010c30   Data           4  os_cfg_app.o(.constdata)
    OSCfg_TmrTaskStkSize                     0x08010c34   Data           4  os_cfg_app.o(.constdata)
    OSCfg_TmrTaskStkSizeRAM                  0x08010c38   Data           4  os_cfg_app.o(.constdata)
    OSCfg_TmrWheelSizeRAM                    0x08010c3c   Data           4  os_cfg_app.o(.constdata)
    OSCfg_DataSizeRAM                        0x08010c40   Data           4  os_cfg_app.o(.constdata)
    Region$$Table$$Base                      0x08010d1c   Number         0  anon$$obj.o(Region$$Table)
    Region$$Table$$Limit                     0x08010d3c   Number         0  anon$$obj.o(Region$$Table)
    __ctype                                  0x08010d65   Data           0  lc_ctype_c.o(locale$$data)
    bisuo_boo                                0x20000000   Data           1  main.o(.data)
    jh_boot                                  0x20000001   Data           1  main.o(.data)
    ch1_time_s                               0x20000002   Data           1  main.o(.data)
    ch2_time_s                               0x20000003   Data           1  main.o(.data)
    ch3_time_s                               0x20000004   Data           1  main.o(.data)
    ch4_time_s                               0x20000005   Data           1  main.o(.data)
    ch5_time_s                               0x20000006   Data           1  main.o(.data)
    ch6_time_s                               0x20000007   Data           1  main.o(.data)
    system_start                             0x20000008   Data           1  main.o(.data)
    feng_time                                0x2000000a   Data           2  main.o(.data)
    xian_buf                                 0x2000000c   Data           6  main.o(.data)
    elect_time                               0x20000012   Data           2  main.o(.data)
    zh_send_A2                               0x20000014   Data           1  main.o(.data)
    LED_PWOR                                 0x20000016   Data           2  main.o(.data)
    wendu                                    0x20000018   Data           9  main.o(.data)
    system_int                               0x20000021   Data           1  main.o(.data)
    system_start_EL                          0x20000022   Data           1  main.o(.data)
    SystemCoreClock                          0x20000024   Data           4  system_stm32f10x.o(.data)
    AHBPrescTable                            0x20000028   Data          16  system_stm32f10x.o(.data)
    ch2_unm_E3_x1                            0x20000038   Data           1  led.o(.data)
    ch6_unm_E3_x1                            0x20000039   Data           1  led.o(.data)
    ch5_unm_E3_x1                            0x2000003a   Data           1  led.o(.data)
    ch4_unm_E3_x1                            0x2000003b   Data           1  led.o(.data)
    ch3_unm_E3_x1                            0x2000003c   Data           1  led.o(.data)
    ch1_unm_E3_x1                            0x2000003d   Data           1  led.o(.data)
    send_guzhang                             0x2000003e   Data           1  led.o(.data)
    clos_bis_unm                             0x2000003f   Data           1  led.o(.data)
    ch1_bool                                 0x20000040   Data           1  led.o(.data)
    ch3_bool                                 0x20000041   Data           1  led.o(.data)
    ch4_bool                                 0x20000042   Data           1  led.o(.data)
    set_ch1_bo                               0x20000043   Data           1  led.o(.data)
    set_ch2_bo                               0x20000044   Data           1  led.o(.data)
    set_ch3_bo                               0x20000045   Data           1  led.o(.data)
    set_ch4_bo                               0x20000046   Data           1  led.o(.data)
    set_ch5_bo                               0x20000047   Data           1  led.o(.data)
    set_ch6_bo                               0x20000048   Data           1  led.o(.data)
    ch2_unm_E1_t                             0x2000004a   Data           2  led.o(.data)
    ch2_unm_E3_t                             0x2000004c   Data           2  led.o(.data)
    ch6_unm_E1_t                             0x2000004e   Data           2  led.o(.data)
    ch6_unm_E3_t                             0x20000050   Data           2  led.o(.data)
    ch5_unm_E1_t                             0x20000052   Data           2  led.o(.data)
    ch5_unm_E3_t                             0x20000054   Data           2  led.o(.data)
    ch4_unm_E1_t                             0x20000056   Data           2  led.o(.data)
    ch4_unm_E3_t                             0x20000058   Data           2  led.o(.data)
    ch4_unm_E2_x1                            0x2000005a   Data           2  led.o(.data)
    ch3_unm_E1_t                             0x2000005c   Data           2  led.o(.data)
    ch3_unm_E3_t                             0x2000005e   Data           2  led.o(.data)
    ch3_unm_E2_x1                            0x20000060   Data           2  led.o(.data)
    ch1_unm_E1_t                             0x20000062   Data           2  led.o(.data)
    ch1_unm_E3_t                             0x20000064   Data           2  led.o(.data)
    ch1_shu_mi                               0x20000066   Data           2  led.o(.data)
    ch2_shu_mi                               0x20000068   Data           2  led.o(.data)
    ch3_shu_mi                               0x2000006a   Data           2  led.o(.data)
    ch4_shu_mi                               0x2000006c   Data           2  led.o(.data)
    ch5_shu_mi                               0x2000006e   Data           2  led.o(.data)
    ch6_shu_mi                               0x20000070   Data           2  led.o(.data)
    ch2_unm_E2_x1                            0x20000072   Data           2  led.o(.data)
    ch6_unm_E2_x1                            0x20000074   Data           2  led.o(.data)
    ch5_unm_E2_x1                            0x20000076   Data           2  led.o(.data)
    ch1_unm_E2_x1                            0x20000078   Data           2  led.o(.data)
    sumi_x1                                  0x2000007a   Data           2  led.o(.data)
    sumi_x2                                  0x2000007c   Data           2  led.o(.data)
    sumi_y1                                  0x2000007e   Data           2  led.o(.data)
    sumi_y2                                  0x20000080   Data           2  led.o(.data)
    delay_long_lang                          0x20000084   Data           4  led.o(.data)
    delay_long_lang_1                        0x20000088   Data           4  led.o(.data)
    delay_long                               0x2000008c   Data           4  led.o(.data)
    delay_long_1                             0x20000090   Data           4  led.o(.data)
    GZE_LED                                  0x20000094   Data           9  led.o(.data)
    tong_start                               0x2000009d   Data           1  key.o(.data)
    set_tong                                 0x2000009e   Data           1  key.o(.data)
    key_umb                                  0x2000009f   Data           1  key.o(.data)
    key_staty                                0x200000a0   Data           1  key.o(.data)
    H1_BOOl                                  0x200000a1   Data           1  key.o(.data)
    H2_BOOl                                  0x200000a2   Data           1  key.o(.data)
    H3_BOOl                                  0x200000a3   Data           1  key.o(.data)
    H4_BOOl                                  0x200000a4   Data           1  key.o(.data)
    H5_BOOl                                  0x200000a5   Data           1  key.o(.data)
    H6_BOOl                                  0x200000a6   Data           1  key.o(.data)
    H1_um                                    0x200000a7   Data           1  key.o(.data)
    H2_um                                    0x200000a8   Data           1  key.o(.data)
    H3_um                                    0x200000a9   Data           1  key.o(.data)
    H4_um                                    0x200000aa   Data           1  key.o(.data)
    H5_um                                    0x200000ab   Data           1  key.o(.data)
    H6_um                                    0x200000ac   Data           1  key.o(.data)
    ELCK1_um                                 0x200000ad   Data           1  key.o(.data)
    ELCK2_um                                 0x200000ae   Data           1  key.o(.data)
    ELCK3_um                                 0x200000af   Data           1  key.o(.data)
    ELCK4_um                                 0x200000b0   Data           1  key.o(.data)
    ELCK5_um                                 0x200000b1   Data           1  key.o(.data)
    ELCK6_um                                 0x200000b2   Data           1  key.o(.data)
    HOT_unm                                  0x200000b3   Data           1  key.o(.data)
    ELCK_unm                                 0x200000b4   Data           1  key.o(.data)
    ELCK_unm_i                               0x200000b5   Data           1  key.o(.data)
    tang_bool                                0x200000b6   Data           1  key.o(.data)
    clos_bis                                 0x200000b7   Data           1  key.o(.data)
    key_up                                   0x200000b8   Data           1  key.o(.data)
    key_up_1                                 0x200000b9   Data           1  key.o(.data)
    key_ele_unm                              0x200000ba   Data           1  key.o(.data)
    zhi_unm_date                             0x200000bb   Data           1  key.o(.data)
    ch1_start                                0x200000bc   Data           1  key.o(.data)
    ch2_start                                0x200000bd   Data           1  key.o(.data)
    ch3_start                                0x200000be   Data           1  key.o(.data)
    ch4_start                                0x200000bf   Data           1  key.o(.data)
    ch5_start                                0x200000c0   Data           1  key.o(.data)
    ch6_start                                0x200000c1   Data           1  key.o(.data)
    ELCK_unm_X                               0x200000c2   Data           1  key.o(.data)
    tongdao_1                                0x200000c3   Data           4  key.o(.data)
    tongdao_2                                0x200000c7   Data           4  key.o(.data)
    tongdao_3                                0x200000cb   Data           4  key.o(.data)
    tongdao_4                                0x200000cf   Data           4  key.o(.data)
    tongdao_5                                0x200000d3   Data           4  key.o(.data)
    tongdao_6                                0x200000d7   Data           4  key.o(.data)
    time_1                                   0x200000db   Data           9  key.o(.data)
    time_2                                   0x200000e4   Data           9  key.o(.data)
    time_3                                   0x200000ed   Data           9  key.o(.data)
    time_4                                   0x200000f6   Data           9  key.o(.data)
    time_5                                   0x200000ff   Data           9  key.o(.data)
    time_6                                   0x20000108   Data           9  key.o(.data)
    zhou_1                                   0x20000111   Data           9  key.o(.data)
    zhou_2                                   0x2000011a   Data           9  key.o(.data)
    zhou_3                                   0x20000123   Data           9  key.o(.data)
    zhou_4                                   0x2000012c   Data           9  key.o(.data)
    zhou_5                                   0x20000135   Data           9  key.o(.data)
    zhou_6                                   0x2000013e   Data           9  key.o(.data)
    boxin_1                                  0x20000147   Data           9  key.o(.data)
    boxin_2                                  0x20000150   Data           9  key.o(.data)
    boxin_3                                  0x20000159   Data           9  key.o(.data)
    boxin_4                                  0x20000162   Data           9  key.o(.data)
    boxin_5                                  0x2000016b   Data           9  key.o(.data)
    boxin_6                                  0x20000174   Data           9  key.o(.data)
    kuang_1                                  0x2000017d   Data           9  key.o(.data)
    kuang_2                                  0x20000186   Data           9  key.o(.data)
    kuang_3                                  0x2000018f   Data           9  key.o(.data)
    kuang_4                                  0x20000198   Data           9  key.o(.data)
    kuang_5                                  0x200001a1   Data           9  key.o(.data)
    kuang_6                                  0x200001aa   Data           9  key.o(.data)
    HOT_LED                                  0x200001b3   Data           9  key.o(.data)
    ELCK_LED                                 0x200001bc   Data           9  key.o(.data)
    XUE_LED                                  0x200001c5   Data           9  key.o(.data)
    JS_LED                                   0x200001ce   Data           9  key.o(.data)
    U3_P_RC                                  0x200001d8   Data           1  usart3.o(.data)
    work_stay                                0x200001d9   Data           1  usart3.o(.data)
    ietnet_stay                              0x200001da   Data           1  usart3.o(.data)
    send_cong_apn_bool                       0x200001db   Data           1  usart3.o(.data)
    time_data_bool                           0x200001dc   Data           1  usart3.o(.data)
    jem_p                                    0x200001dd   Data           1  usart3.o(.data)
    jem_g                                    0x200001de   Data           1  usart3.o(.data)
    jem_j                                    0x200001df   Data           1  usart3.o(.data)
    read_jem_p                               0x200001e0   Data           1  usart3.o(.data)
    read_jem_g                               0x200001e1   Data           1  usart3.o(.data)
    read_jem_j                               0x200001e2   Data           1  usart3.o(.data)
    th_num                                   0x200001e4   Data           2  usart3.o(.data)
    USART3_RX_STA                            0x200001e6   Data           2  usart3.o(.data)
    U3_P_x                                   0x200001e8   Data           4  usart3.o(.data)
    apn_name_ANDD1                           0x200001ec   Data           4  usart3.o(.data)
    apn_name_long_ADD2                       0x200001f0   Data           4  usart3.o(.data)
    apn_power_ANDD2                          0x200001f4   Data           4  usart3.o(.data)
    apn_power_long_ANDD2                     0x200001f8   Data           4  usart3.o(.data)
    apn_apn_ANDD2                            0x200001fc   Data           4  usart3.o(.data)
    apn_apn_long_ANDD2                       0x20000200   Data           4  usart3.o(.data)
    NL660_ip                                 0x20000204   Data           4  usart3.o(.data)
    sever_2_buf                              0x20000208   Data          30  usart3.o(.data)
    send_zhuce_date                          0x20000226   Data          15  usart3.o(.data)
    ch1_unm                                  0x20000238   Data           2  timer.o(.data)
    ch2_unm                                  0x2000023a   Data           2  timer.o(.data)
    ch3_unm                                  0x2000023c   Data           2  timer.o(.data)
    ch4_unm                                  0x2000023e   Data           2  timer.o(.data)
    ch5_unm                                  0x20000240   Data           2  timer.o(.data)
    ch6_unm                                  0x20000242   Data           2  timer.o(.data)
    ch1_time                                 0x20000244   Data           2  timer.o(.data)
    ch2_time                                 0x20000246   Data           2  timer.o(.data)
    ch3_time                                 0x20000248   Data           2  timer.o(.data)
    ch4_time                                 0x2000024a   Data           2  timer.o(.data)
    ch5_time                                 0x2000024c   Data           2  timer.o(.data)
    ch6_time                                 0x2000024e   Data           2  timer.o(.data)
    tan_xue_boo                              0x20000250   Data           1  exti.o(.data)
    ch1_chexe                                0x20000251   Data           1  exti.o(.data)
    ch2_chexe                                0x20000252   Data           1  exti.o(.data)
    ch3_chexe                                0x20000253   Data           1  exti.o(.data)
    ch4_chexe                                0x20000254   Data           1  exti.o(.data)
    ch5_chexe                                0x20000255   Data           1  exti.o(.data)
    ch6_chexe                                0x20000256   Data           1  exti.o(.data)
    ch1_tong                                 0x20000258   Data           2  exti.o(.data)
    ch1_duan                                 0x2000025a   Data           2  exti.o(.data)
    ch2_tong                                 0x2000025c   Data           2  exti.o(.data)
    ch2_duan                                 0x2000025e   Data           2  exti.o(.data)
    ch3_tong                                 0x20000260   Data           2  exti.o(.data)
    ch3_duan                                 0x20000262   Data           2  exti.o(.data)
    ch4_tong                                 0x20000264   Data           2  exti.o(.data)
    ch4_duan                                 0x20000266   Data           2  exti.o(.data)
    ch5_tong                                 0x20000268   Data           2  exti.o(.data)
    ch5_duan                                 0x2000026a   Data           2  exti.o(.data)
    ch6_tong                                 0x2000026c   Data           2  exti.o(.data)
    ch6_duan                                 0x2000026e   Data           2  exti.o(.data)
    ch1_duan_kai                             0x20000270   Data           1  adc.o(.data)
    ch2_duan_kai                             0x20000271   Data           1  adc.o(.data)
    ch3_duan_kai                             0x20000272   Data           1  adc.o(.data)
    ch4_duan_kai                             0x20000273   Data           1  adc.o(.data)
    ch5_duan_kai                             0x20000274   Data           1  adc.o(.data)
    ch6_duan_kai                             0x20000275   Data           1  adc.o(.data)
    W25QXX_TYPE                              0x20000276   Data           2  w25qxx.o(.data)
    Objective_ip_1                           0x20000278   Data           4  bc26.o(.data)
    Objective_ip_2                           0x2000027c   Data           4  bc26.o(.data)
    Objective_ip_3                           0x20000280   Data           4  bc26.o(.data)
    Objective_ip_4                           0x20000284   Data           4  bc26.o(.data)
    Objective_ip_B_1                         0x20000288   Data           4  bc26.o(.data)
    Objective_ip_B_2                         0x2000028c   Data           4  bc26.o(.data)
    Objective_ip_B_3                         0x20000290   Data           4  bc26.o(.data)
    Objective_ip_B_4                         0x20000294   Data           4  bc26.o(.data)
    U2_P                                     0x2000029c   Data           1  usart.o(.data)
    U2_P_RC                                  0x2000029d   Data           1  usart.o(.data)
    feng                                     0x2000029e   Data           1  usart.o(.data)
    miao                                     0x2000029f   Data           1  usart.o(.data)
    bool_SHU                                 0x200002a0   Data           1  usart.o(.data)
    LED1_EN                                  0x200002a1   Data           1  usart.o(.data)
    LED2_EN                                  0x200002a2   Data           1  usart.o(.data)
    LED3_EN                                  0x200002a3   Data           1  usart.o(.data)
    LED4_EN                                  0x200002a4   Data           1  usart.o(.data)
    USART_RX_STA                             0x200002a6   Data           2  usart.o(.data)
    sever_time                               0x200002a8   Data           1  usart.o(.data)
    __stdout                                 0x200002ac   Data           4  usart.o(.data)
    CPU_TS_TmrFreq_Hz                        0x200002c4   Data           4  cpu_core.o(.data)
    Mem_PoolTbl                              0x200002c8   Data           4  lib_mem.o(.data)
    OSPrioTbl                                0x200002cc   Data           8  os_prio.o(.data)
    OS_AppTaskCreateHookPtr                  0x200002d4   Data           4  os_var.o(.data)
    OS_AppTaskDelHookPtr                     0x200002d8   Data           4  os_var.o(.data)
    OS_AppTaskReturnHookPtr                  0x200002dc   Data           4  os_var.o(.data)
    OS_AppIdleTaskHookPtr                    0x200002e0   Data           4  os_var.o(.data)
    OS_AppStatTaskHookPtr                    0x200002e4   Data           4  os_var.o(.data)
    OS_AppTaskSwHookPtr                      0x200002e8   Data           4  os_var.o(.data)
    OS_AppTimeTickHookPtr                    0x200002ec   Data           4  os_var.o(.data)
    OSIdleTaskCtr                            0x200002f0   Data           4  os_var.o(.data)
    OSIntNestingCtr                          0x200002f4   Data           1  os_var.o(.data)
    OSRunning                                0x200002f5   Data           1  os_var.o(.data)
    OSIntQInPtr                              0x200002f8   Data           4  os_var.o(.data)
    OSIntQOutPtr                             0x200002fc   Data           4  os_var.o(.data)
    OSIntQNbrEntries                         0x20000300   Data           2  os_var.o(.data)
    OSIntQNbrEntriesMax                      0x20000302   Data           2  os_var.o(.data)
    OSIntQOvfCtr                             0x20000304   Data           2  os_var.o(.data)
    OSIntQTaskTimeMax                        0x20000308   Data           4  os_var.o(.data)
    OSFlagDbgListPtr                         0x2000030c   Data           4  os_var.o(.data)
    OSFlagQty                                0x20000310   Data           2  os_var.o(.data)
    OSMemDbgListPtr                          0x20000314   Data           4  os_var.o(.data)
    OSMemQty                                 0x20000318   Data           2  os_var.o(.data)
    OSMutexDbgListPtr                        0x2000031c   Data           4  os_var.o(.data)
    OSMutexQty                               0x20000320   Data           2  os_var.o(.data)
    OSPrioCur                                0x20000322   Data           1  os_var.o(.data)
    OSPrioHighRdy                            0x20000323   Data           1  os_var.o(.data)
    OSPrioSaved                              0x20000324   Data           1  os_var.o(.data)
    OSQDbgListPtr                            0x20000328   Data           4  os_var.o(.data)
    OSQQty                                   0x2000032c   Data           2  os_var.o(.data)
    OSSchedLockTimeBegin                     0x20000330   Data           4  os_var.o(.data)
    OSSchedLockTimeMax                       0x20000334   Data           4  os_var.o(.data)
    OSSchedLockTimeMaxCur                    0x20000338   Data           4  os_var.o(.data)
    OSSchedLockNestingCtr                    0x2000033c   Data           1  os_var.o(.data)
    OSSchedRoundRobinDfltTimeQuanta          0x20000340   Data           4  os_var.o(.data)
    OSSchedRoundRobinEn                      0x20000344   Data           1  os_var.o(.data)
    OSSemDbgListPtr                          0x20000348   Data           4  os_var.o(.data)
    OSSemQty                                 0x2000034c   Data           2  os_var.o(.data)
    OSStatResetFlag                          0x2000034e   Data           1  os_var.o(.data)
    OSStatTaskCPUUsage                       0x20000350   Data           2  os_var.o(.data)
    OSStatTaskCPUUsageMax                    0x20000352   Data           2  os_var.o(.data)
    OSStatTaskCtr                            0x20000354   Data           4  os_var.o(.data)
    OSStatTaskCtrMax                         0x20000358   Data           4  os_var.o(.data)
    OSStatTaskCtrRun                         0x2000035c   Data           4  os_var.o(.data)
    OSStatTaskRdy                            0x20000360   Data           1  os_var.o(.data)
    OSStatTaskTimeMax                        0x20000364   Data           4  os_var.o(.data)
    OSTaskCtxSwCtr                           0x20000368   Data           4  os_var.o(.data)
    OSTaskDbgListPtr                         0x2000036c   Data           4  os_var.o(.data)
    OSTaskQty                                0x20000370   Data           2  os_var.o(.data)
    OSTaskRegNextAvailID                     0x20000372   Data           1  os_var.o(.data)
    OSTickCtr                                0x20000374   Data           4  os_var.o(.data)
    OSTickTaskTimeMax                        0x20000378   Data           4  os_var.o(.data)
    OSTmrDbgListPtr                          0x2000037c   Data           4  os_var.o(.data)
    OSTmrQty                                 0x20000380   Data           2  os_var.o(.data)
    OSTmrTaskTimeMax                         0x20000384   Data           4  os_var.o(.data)
    OSTmrTickCtr                             0x20000388   Data           4  os_var.o(.data)
    OSTmrUpdateCnt                           0x2000038c   Data           4  os_var.o(.data)
    OSTmrUpdateCtr                           0x20000390   Data           4  os_var.o(.data)
    OSTCBCurPtr                              0x20000394   Data           4  os_var.o(.data)
    OSTCBHighRdyPtr                          0x20000398   Data           4  os_var.o(.data)
    OS_CPU_ExceptStkBase                     0x2000039c   Data           4  os_cpu_c.o(.data)
    StartTaskTCB                             0x200003a0   Data         196  main.o(.bss)
    START_TASK_STK                           0x20000464   Data         512  main.o(.bss)
    Task1_TaskTCB                            0x20000664   Data         196  main.o(.bss)
    TASK1_TASK_STK                           0x20000728   Data        8192  main.o(.bss)
    Task2_TaskTCB                            0x20002728   Data         196  main.o(.bss)
    TASK2_TASK_STK                           0x200027ec   Data         512  main.o(.bss)
    tmr1                                     0x200029ec   Data          52  main.o(.bss)
    ELCK_UF                                  0x20002a20   Data           9  key.o(.bss)
    STMFLASH_BUF                             0x20002a2a   Data        2048  stmflash.o(.bss)
    U3TEMP                                   0x2000322a   Data         255  usart3.o(.bss)
    red_pdp_name                             0x20003329   Data          30  usart3.o(.bss)
    red_pdp_power                            0x20003347   Data          30  usart3.o(.bss)
    red_pdp_apn                              0x20003365   Data          20  usart3.o(.bss)
    calendar                                 0x2000337a   Data          10  rtc.o(.bss)
    W25QXX_BUFFER                            0x20003384   Data        4096  w25qxx.o(.bss)
    pdp_name                                 0x20004384   Data          30  bc26.o(.bss)
    pdp_power                                0x200043a2   Data          30  bc26.o(.bss)
    pdp_apn                                  0x200043c0   Data          20  bc26.o(.bss)
    U2BUF                                    0x200043d4   Data         256  usart.o(.bss)
    USART_RX_BUF                             0x200044d4   Data         255  usart.o(.bss)
    CPU_Name                                 0x200045d3   Data          16  cpu_core.o(.bss)
    Mem_PoolHeap                             0x200045e4   Data          72  lib_mem.o(.bss)
    Mem_Heap                                 0x2000462c   Data        1024  lib_mem.o(.bss)
    OSCfg_IdleTaskStk                        0x20004a2c   Data         512  os_cfg_app.o(.bss)
    OSCfg_IntQ                               0x20004c2c   Data         320  os_cfg_app.o(.bss)
    OSCfg_IntQTaskStk                        0x20004d6c   Data         512  os_cfg_app.o(.bss)
    OSCfg_ISRStk                             0x20004f6c   Data         512  os_cfg_app.o(.bss)
    OSCfg_MsgPool                            0x2000516c   Data        1600  os_cfg_app.o(.bss)
    OSCfg_StatTaskStk                        0x200057ac   Data         512  os_cfg_app.o(.bss)
    OSCfg_TickTaskStk                        0x200059ac   Data         512  os_cfg_app.o(.bss)
    OSCfg_TickWheel                          0x20005bac   Data         136  os_cfg_app.o(.bss)
    OSCfg_TmrTaskStk                         0x20005c34   Data         512  os_cfg_app.o(.bss)
    OSCfg_TmrWheel                           0x20005e34   Data         136  os_cfg_app.o(.bss)
    OSIdleTaskTCB                            0x20005ebc   Data         196  os_var.o(.bss)
    OSIntQTaskTCB                            0x20005f80   Data         196  os_var.o(.bss)
    OSMsgPool                                0x20006044   Data          12  os_var.o(.bss)
    OSRdyList                                0x20006050   Data         768  os_var.o(.bss)
    OSStatTaskTCB                            0x20006350   Data         196  os_var.o(.bss)
    OSTickTaskTCB                            0x20006414   Data         196  os_var.o(.bss)
    OSTmrTaskTCB                             0x200064d8   Data         196  os_var.o(.bss)
    __libspace_start                         0x2000659c   Data          96  libspace.o(.bss)
    __temporary_stack_top$libspace           0x200065fc   Data           0  libspace.o(.bss)



==============================================================================

Memory Map of the image

  Image Entry point : 0x08000131

  Load Region LR_IROM1 (Base: 0x08000000, Size: 0x00011208, Max: 0x00080000, ABSOLUTE, COMPRESSED[0x00010f64])

    Execution Region ER_IROM1 (Base: 0x08000000, Size: 0x00010e68, Max: 0x00080000, ABSOLUTE)

    Base Addr    Size         Type   Attr      Idx    E Section Name        Object

    0x08000000   0x00000130   Data   RO          777    RESET               startup_stm32f10x_hd.o
    0x08000130   0x00000008   Code   RO         1478  * !!!main             c_w.l(__main.o)
    0x08000138   0x00000034   Code   RO         1775    !!!scatter          c_w.l(__scatter.o)
    0x0800016c   0x0000005a   Code   RO         1773    !!dczerorl2         c_w.l(__dczerorl2.o)
    0x080001c6   0x00000002   PAD
    0x080001c8   0x0000001c   Code   RO         1777    !!handler_zi        c_w.l(__scatter_zi.o)
    0x080001e4   0x00000000   Code   RO         1471    .ARM.Collect$$_printf_percent$$00000000  c_w.l(_printf_percent.o)
    0x080001e4   0x00000006   Code   RO         1532    .ARM.Collect$$_printf_percent$$00000001  c_w.l(_printf_n.o)
    0x080001ea   0x00000006   Code   RO         1533    .ARM.Collect$$_printf_percent$$00000002  c_w.l(_printf_p.o)
    0x080001f0   0x00000006   Code   RO         1537    .ARM.Collect$$_printf_percent$$00000003  c_w.l(_printf_f.o)
    0x080001f6   0x00000006   Code   RO         1538    .ARM.Collect$$_printf_percent$$00000004  c_w.l(_printf_e.o)
    0x080001fc   0x00000006   Code   RO         1539    .ARM.Collect$$_printf_percent$$00000005  c_w.l(_printf_g.o)
    0x08000202   0x00000006   Code   RO         1540    .ARM.Collect$$_printf_percent$$00000006  c_w.l(_printf_a.o)
    0x08000208   0x0000000a   Code   RO         1545    .ARM.Collect$$_printf_percent$$00000007  c_w.l(_printf_ll.o)
    0x08000212   0x00000006   Code   RO         1535    .ARM.Collect$$_printf_percent$$00000008  c_w.l(_printf_i.o)
    0x08000218   0x00000006   Code   RO         1470    .ARM.Collect$$_printf_percent$$00000009  c_w.l(_printf_d.o)
    0x0800021e   0x00000006   Code   RO         1536    .ARM.Collect$$_printf_percent$$0000000A  c_w.l(_printf_u.o)
    0x08000224   0x00000006   Code   RO         1534    .ARM.Collect$$_printf_percent$$0000000B  c_w.l(_printf_o.o)
    0x0800022a   0x00000006   Code   RO         1469    .ARM.Collect$$_printf_percent$$0000000C  c_w.l(_printf_x.o)
    0x08000230   0x00000006   Code   RO         1542    .ARM.Collect$$_printf_percent$$0000000D  c_w.l(_printf_lli.o)
    0x08000236   0x00000006   Code   RO         1543    .ARM.Collect$$_printf_percent$$0000000E  c_w.l(_printf_lld.o)
    0x0800023c   0x00000006   Code   RO         1544    .ARM.Collect$$_printf_percent$$0000000F  c_w.l(_printf_llu.o)
    0x08000242   0x00000006   Code   RO         1549    .ARM.Collect$$_printf_percent$$00000010  c_w.l(_printf_llo.o)
    0x08000248   0x00000006   Code   RO         1550    .ARM.Collect$$_printf_percent$$00000011  c_w.l(_printf_llx.o)
    0x0800024e   0x0000000a   Code   RO         1546    .ARM.Collect$$_printf_percent$$00000012  c_w.l(_printf_l.o)
    0x08000258   0x00000006   Code   RO         1530    .ARM.Collect$$_printf_percent$$00000013  c_w.l(_printf_c.o)
    0x0800025e   0x00000006   Code   RO         1531    .ARM.Collect$$_printf_percent$$00000014  c_w.l(_printf_s.o)
    0x08000264   0x00000006   Code   RO         1547    .ARM.Collect$$_printf_percent$$00000015  c_w.l(_printf_lc.o)
    0x0800026a   0x00000006   Code   RO         1548    .ARM.Collect$$_printf_percent$$00000016  c_w.l(_printf_ls.o)
    0x08000270   0x00000004   Code   RO         1541    .ARM.Collect$$_printf_percent$$00000017  c_w.l(_printf_percent_end.o)
    0x08000274   0x00000002   Code   RO         1641    .ARM.Collect$$libinit$$00000000  c_w.l(libinit.o)
    0x08000276   0x00000000   Code   RO         1663    .ARM.Collect$$libinit$$00000002  c_w.l(libinit2.o)
    0x08000276   0x00000000   Code   RO         1666    .ARM.Collect$$libinit$$00000008  c_w.l(libinit2.o)
    0x08000276   0x00000000   Code   RO         1668    .ARM.Collect$$libinit$$0000000A  c_w.l(libinit2.o)
    0x08000276   0x00000000   Code   RO         1670    .ARM.Collect$$libinit$$0000000C  c_w.l(libinit2.o)
    0x08000276   0x00000006   Code   RO         1671    .ARM.Collect$$libinit$$0000000D  c_w.l(libinit2.o)
    0x0800027c   0x00000000   Code   RO         1673    .ARM.Collect$$libinit$$0000000F  c_w.l(libinit2.o)
    0x0800027c   0x0000000c   Code   RO         1674    .ARM.Collect$$libinit$$00000010  c_w.l(libinit2.o)
    0x08000288   0x00000000   Code   RO         1675    .ARM.Collect$$libinit$$00000011  c_w.l(libinit2.o)
    0x08000288   0x00000000   Code   RO         1677    .ARM.Collect$$libinit$$00000013  c_w.l(libinit2.o)
    0x08000288   0x0000000a   Code   RO         1678    .ARM.Collect$$libinit$$00000014  c_w.l(libinit2.o)
    0x08000292   0x00000000   Code   RO         1679    .ARM.Collect$$libinit$$00000015  c_w.l(libinit2.o)
    0x08000292   0x00000000   Code   RO         1681    .ARM.Collect$$libinit$$00000017  c_w.l(libinit2.o)
    0x08000292   0x00000000   Code   RO         1683    .ARM.Collect$$libinit$$00000019  c_w.l(libinit2.o)
    0x08000292   0x00000000   Code   RO         1685    .ARM.Collect$$libinit$$0000001B  c_w.l(libinit2.o)
    0x08000292   0x00000000   Code   RO         1687    .ARM.Collect$$libinit$$0000001D  c_w.l(libinit2.o)
    0x08000292   0x00000000   Code   RO         1689    .ARM.Collect$$libinit$$0000001F  c_w.l(libinit2.o)
    0x08000292   0x00000000   Code   RO         1691    .ARM.Collect$$libinit$$00000021  c_w.l(libinit2.o)
    0x08000292   0x00000000   Code   RO         1693    .ARM.Collect$$libinit$$00000023  c_w.l(libinit2.o)
    0x08000292   0x00000000   Code   RO         1697    .ARM.Collect$$libinit$$0000002A  c_w.l(libinit2.o)
    0x08000292   0x00000000   Code   RO         1699    .ARM.Collect$$libinit$$0000002C  c_w.l(libinit2.o)
    0x08000292   0x00000000   Code   RO         1701    .ARM.Collect$$libinit$$0000002E  c_w.l(libinit2.o)
    0x08000292   0x00000000   Code   RO         1703    .ARM.Collect$$libinit$$00000030  c_w.l(libinit2.o)
    0x08000292   0x00000002   Code   RO         1704    .ARM.Collect$$libinit$$00000031  c_w.l(libinit2.o)
    0x08000294   0x00000002   Code   RO         1730    .ARM.Collect$$libshutdown$$00000000  c_w.l(libshutdown.o)
    0x08000296   0x00000000   Code   RO         1758    .ARM.Collect$$libshutdown$$00000003  c_w.l(libshutdown2.o)
    0x08000296   0x00000000   Code   RO         1761    .ARM.Collect$$libshutdown$$00000006  c_w.l(libshutdown2.o)
    0x08000296   0x00000000   Code   RO         1764    .ARM.Collect$$libshutdown$$00000009  c_w.l(libshutdown2.o)
    0x08000296   0x00000000   Code   RO         1766    .ARM.Collect$$libshutdown$$0000000B  c_w.l(libshutdown2.o)
    0x08000296   0x00000000   Code   RO         1769    .ARM.Collect$$libshutdown$$0000000E  c_w.l(libshutdown2.o)
    0x08000296   0x00000002   Code   RO         1770    .ARM.Collect$$libshutdown$$0000000F  c_w.l(libshutdown2.o)
    0x08000298   0x00000000   Code   RO         1498    .ARM.Collect$$rtentry$$00000000  c_w.l(rtentry.o)
    0x08000298   0x00000000   Code   RO         1559    .ARM.Collect$$rtentry$$00000002  c_w.l(rtentry2.o)
    0x08000298   0x00000006   Code   RO         1571    .ARM.Collect$$rtentry$$00000004  c_w.l(rtentry4.o)
    0x0800029e   0x00000000   Code   RO         1561    .ARM.Collect$$rtentry$$00000009  c_w.l(rtentry2.o)
    0x0800029e   0x00000004   Code   RO         1562    .ARM.Collect$$rtentry$$0000000A  c_w.l(rtentry2.o)
    0x080002a2   0x00000000   Code   RO         1564    .ARM.Collect$$rtentry$$0000000C  c_w.l(rtentry2.o)
    0x080002a2   0x00000008   Code   RO         1565    .ARM.Collect$$rtentry$$0000000D  c_w.l(rtentry2.o)
    0x080002aa   0x00000002   Code   RO         1649    .ARM.Collect$$rtexit$$00000000  c_w.l(rtexit.o)
    0x080002ac   0x00000000   Code   RO         1706    .ARM.Collect$$rtexit$$00000002  c_w.l(rtexit2.o)
    0x080002ac   0x00000004   Code   RO         1707    .ARM.Collect$$rtexit$$00000003  c_w.l(rtexit2.o)
    0x080002b0   0x00000006   Code   RO         1708    .ARM.Collect$$rtexit$$00000004  c_w.l(rtexit2.o)
    0x080002b6   0x00000002   PAD
    0x080002b8   0x00000484   Code   RO            1    .text               main.o
    0x0800073c   0x0000000e   Code   RO          206    .text               stm32f10x_it.o
    0x0800074a   0x00000002   PAD
    0x0800074c   0x00000158   Code   RO          238    .text               system_stm32f10x.o
    0x080008a4   0x000014d0   Code   RO          256    .text               led.o
    0x08001d74   0x000022f4   Code   RO          299    .text               key.o
    0x08004068   0x0000010c   Code   RO          321    .text               stmflash.o
    0x08004174   0x00000908   Code   RO          371    .text               usart3.o
    0x08004a7c   0x000003f0   Code   RO          505    .text               rtc.o
    0x08004e6c   0x00000200   Code   RO          548    .text               timer.o
    0x0800506c   0x000005a4   Code   RO          570    .text               exti.o
    0x08005610   0x000001ac   Code   RO          589    .text               adc.o
    0x080057bc   0x000001e4   Code   RO          639    .text               spi.o
    0x080059a0   0x00000340   Code   RO          654    .text               w25qxx.o
    0x08005ce0   0x00000b20   Code   RO          674    .text               bc26.o
    0x08006800   0x00000118   Code   RO          701    .text               delay.o
    0x08006918   0x000008b8   Code   RO          733    .text               usart.o
    0x080071d0   0x00000040   Code   RO          778    .text               startup_stm32f10x_hd.o
    0x08007210   0x000000b0   Code   RO          782    .text               misc.o
    0x080072c0   0x00000264   Code   RO          794    .text               stm32f10x_gpio.o
    0x08007524   0x00000480   Code   RO          806    .text               stm32f10x_flash.o
    0x080079a4   0x00000328   Code   RO          819    .text               stm32f10x_usart.o
    0x08007ccc   0x000002b8   Code   RO          831    .text               stm32f10x_rcc.o
    0x08007f84   0x00000110   Code   RO          845    .text               stm32f10x_rtc.o
    0x08008094   0x00000af0   Code   RO          858    .text               stm32f10x_tim.o
    0x08008b84   0x000000e8   Code   RO          871    .text               stm32f10x_exti.o
    0x08008c6c   0x00000098   Code   RO          883    .text               stm32f10x_bkp.o
    0x08008d04   0x000000ac   Code   RO          895    .text               stm32f10x_pwr.o
    0x08008db0   0x00000330   Code   RO          907    .text               stm32f10x_adc.o
    0x080090e0   0x00000274   Code   RO          919    .text               stm32f10x_spi.o
    0x08009354   0x00000068   Code   RO          931    .text               bsp.o
    0x080093bc   0x000001bc   Code   RO          947    .text               cpu_core.o
    0x08009578   0x00000034   Code   RO          987    .text               cpu_a.o
    0x080095ac   0x0000015a   Code   RO          990    .text               lib_ascii.o
    0x08009706   0x00000002   PAD
    0x08009708   0x00000668   Code   RO         1025    .text               lib_mem.o
    0x08009d70   0x000005a8   Code   RO         1044    .text               lib_str.o
    0x0800a318   0x00000220   Code   RO         1062    .text               lib_mem_a.o
    0x0800a538   0x00000002   Code   RO         1065    .text               os_cfg_app.o
    0x0800a53a   0x00000002   PAD
    0x0800a53c   0x00000adc   Code   RO         1097    .text               os_core.o
    0x0800b018   0x00000002   Code   RO         1110    .text               os_dbg.o
    0x0800b01a   0x00000002   PAD
    0x0800b01c   0x00000768   Code   RO         1126    .text               os_flag.o
    0x0800b784   0x00000328   Code   RO         1139    .text               os_int.o
    0x0800baac   0x00000174   Code   RO         1151    .text               os_mem.o
    0x0800bc20   0x00000188   Code   RO         1163    .text               os_msg.o
    0x0800bda8   0x000006e4   Code   RO         1175    .text               os_mutex.o
    0x0800c48c   0x00000070   Code   RO         1194    .text               os_prio.o
    0x0800c4fc   0x00000610   Code   RO         1213    .text               os_q.o
    0x0800cb0c   0x00000554   Code   RO         1226    .text               os_sem.o
    0x0800d060   0x00000400   Code   RO         1239    .text               os_stat.o
    0x0800d460   0x00000f2c   Code   RO         1251    .text               os_task.o
    0x0800e38c   0x00000350   Code   RO         1263    .text               os_tick.o
    0x0800e6dc   0x00000310   Code   RO         1276    .text               os_time.o
    0x0800e9ec   0x0000065c   Code   RO         1288    .text               os_tmr.o
    0x0800f048   0x00000188   Code   RO         1379    .text               os_cpu_c.o
    0x0800f1d0   0x00000002   Code   RO         1414    .text               c_w.l(use_no_semi_2.o)
    0x0800f1d2   0x000000ee   Code   RO         1416    .text               c_w.l(lludivv7m.o)
    0x0800f2c0   0x00000024   Code   RO         1418    .text               c_w.l(c89vsprintf.o)
    0x0800f2e4   0x00000018   Code   RO         1420    .text               c_w.l(__2printf.o)
    0x0800f2fc   0x00000078   Code   RO         1426    .text               c_w.l(_printf_dec.o)
    0x0800f374   0x0000009c   Code   RO         1446    .text               c_w.l(_printf_hex_int_ll_ptr.o)
    0x0800f410   0x0000018c   Code   RO         1466    .text               c_w.l(__printf_flags_ss_wp.o)
    0x0800f59c   0x00000024   Code   RO         1472    .text               c_w.l(strstr.o)
    0x0800f5c0   0x0000003e   Code   RO         1474    .text               c_w.l(strlen.o)
    0x0800f5fe   0x00000006   Code   RO         1476    .text               c_w.l(heapauxi.o)
    0x0800f604   0x00000002   Code   RO         1496    .text               c_w.l(use_no_semi.o)
    0x0800f606   0x00000052   Code   RO         1503    .text               c_w.l(_printf_pad.o)
    0x0800f658   0x00000024   Code   RO         1505    .text               c_w.l(_printf_truncate.o)
    0x0800f67c   0x00000052   Code   RO         1507    .text               c_w.l(_printf_str.o)
    0x0800f6ce   0x000000b8   Code   RO         1509    .text               c_w.l(_printf_intcommon.o)
    0x0800f786   0x0000002a   Code   RO         1511    .text               c_w.l(_printf_charcount.o)
    0x0800f7b0   0x00000030   Code   RO         1513    .text               c_w.l(_printf_char_common.o)
    0x0800f7e0   0x0000000a   Code   RO         1515    .text               c_w.l(_sputc.o)
    0x0800f7ea   0x00000002   PAD
    0x0800f7ec   0x00000024   Code   RO         1517    .text               c_w.l(_printf_char_file.o)
    0x0800f810   0x000000bc   Code   RO         1519    .text               c_w.l(_printf_wctomb.o)
    0x0800f8cc   0x00000078   Code   RO         1522    .text               c_w.l(_printf_longlong_dec.o)
    0x0800f944   0x00000078   Code   RO         1528    .text               c_w.l(_printf_oct_int_ll.o)
    0x0800f9bc   0x0000008a   Code   RO         1575    .text               c_w.l(lludiv10.o)
    0x0800fa46   0x00000420   Code   RO         1577    .text               c_w.l(_printf_fp_dec.o)
    0x0800fe66   0x0000002c   Code   RO         1581    .text               c_w.l(_printf_char.o)
    0x0800fe92   0x0000002c   Code   RO         1583    .text               c_w.l(_printf_wchar.o)
    0x0800febe   0x00000008   Code   RO         1585    .text               c_w.l(ferror.o)
    0x0800fec6   0x00000040   Code   RO         1589    .text               c_w.l(_wcrtomb.o)
    0x0800ff06   0x0000004a   Code   RO         1591    .text               c_w.l(sys_stackheap_outer.o)
    0x0800ff50   0x00000010   Code   RO         1593    .text               c_w.l(rt_ctype_table.o)
    0x0800ff60   0x00000008   Code   RO         1598    .text               c_w.l(rt_locale_intlibspace.o)
    0x0800ff68   0x00000080   Code   RO         1600    .text               c_w.l(_printf_fp_infnan.o)
    0x0800ffe8   0x000000e4   Code   RO         1602    .text               c_w.l(bigflt0.o)
    0x080100cc   0x0000000c   Code   RO         1630    .text               c_w.l(exit.o)
    0x080100d8   0x00000008   Code   RO         1646    .text               c_w.l(libspace.o)
    0x080100e0   0x00000080   Code   RO         1660    .text               c_w.l(strcmpv7m.o)
    0x08010160   0x0000003e   Code   RO         1605    CL$$btod_d2e        c_w.l(btod.o)
    0x0801019e   0x00000046   Code   RO         1607    CL$$btod_d2e_denorm_low  c_w.l(btod.o)
    0x080101e4   0x00000060   Code   RO         1606    CL$$btod_d2e_norm_op1  c_w.l(btod.o)
    0x08010244   0x00000338   Code   RO         1615    CL$$btod_div_common  c_w.l(btod.o)
    0x0801057c   0x000000c6   Code   RO         1612    CL$$btod_e2e        c_w.l(btod.o)
    0x08010642   0x00000028   Code   RO         1609    CL$$btod_ediv       c_w.l(btod.o)
    0x0801066a   0x00000028   Code   RO         1608    CL$$btod_emul       c_w.l(btod.o)
    0x08010692   0x00000244   Code   RO         1614    CL$$btod_mult_common  c_w.l(btod.o)
    0x080108d6   0x00000002   PAD
    0x080108d8   0x00000098   Code   RO         1376    CODE                os_cpu_a.o
    0x08010970   0x00000028   Code   RO         1644    i.__ARM_fpclassify  m_ws.l(fpclassify.o)
    0x08010998   0x0000000e   Code   RO         1459    i._is_digit         c_w.l(__printf_wp.o)
    0x080109a6   0x00000002   PAD
    0x080109a8   0x0000002c   Code   RO         1628    locale$$code        c_w.l(lc_numeric_c.o)
    0x080109d4   0x0000002c   Code   RO         1654    locale$$code        c_w.l(lc_ctype_c.o)
    0x08010a00   0x00000004   Code   RO         1555    x$fpl$printf1       fz_ws.l(printf1.o)
    0x08010a04   0x00000000   Code   RO         1557    x$fpl$usenofp       fz_ws.l(usenofp.o)
    0x08010a04   0x00000018   Data   RO          507    .constdata          rtc.o
    0x08010a1c   0x00000100   Data   RO          949    .constdata          cpu_core.o
    0x08010b1c   0x00000094   Data   RO         1045    .constdata          lib_str.o
    0x08010bb0   0x00000094   Data   RO         1076    .constdata          os_cfg_app.o
    0x08010c44   0x00000028   Data   RO         1447    .constdata          c_w.l(_printf_hex_int_ll_ptr.o)
    0x08010c6c   0x00000011   Data   RO         1467    .constdata          c_w.l(__printf_flags_ss_wp.o)
    0x08010c7d   0x00000003   PAD
    0x08010c80   0x00000008   Data   RO         1520    .constdata          c_w.l(_printf_wctomb.o)
    0x08010c88   0x00000094   Data   RO         1603    .constdata          c_w.l(bigflt0.o)
    0x08010d1c   0x00000020   Data   RO         1771    Region$$Table       anon$$obj.o
    0x08010d3c   0x0000001c   Data   RO         1627    locale$$data        c_w.l(lc_numeric_c.o)
    0x08010d58   0x00000110   Data   RO         1653    locale$$data        c_w.l(lc_ctype_c.o)


    Execution Region RW_IRAM1 (Base: 0x20000000, Size: 0x00006c00, Max: 0x00010000, ABSOLUTE, COMPRESSED[0x000000fc])

    Base Addr    Size         Type   Attr      Idx    E Section Name        Object

    0x20000000   0x00000001   Data   RW            5    .data               main.o
    0x20000001   0x00000001   Data   RW            6    .data               main.o
    0x20000002   0x00000010   Data   RW            9    .data               main.o
    0x20000012   0x00000002   Data   RW           10    .data               main.o
    0x20000014   0x00000001   Data   RW           11    .data               main.o
    0x20000015   0x00000001   PAD
    0x20000016   0x00000002   Data   RW           13    .data               main.o
    0x20000018   0x00000009   Data   RW           14    .data               main.o
    0x20000021   0x00000001   Data   RW           20    .data               main.o
    0x20000022   0x00000001   Data   RW           22    .data               main.o
    0x20000023   0x00000001   PAD
    0x20000024   0x00000014   Data   RW          239    .data               system_stm32f10x.o
    0x20000038   0x00000065   Data   RW          257    .data               led.o
    0x2000009d   0x0000013a   Data   RW          301    .data               key.o
    0x200001d7   0x00000001   PAD
    0x200001d8   0x0000005d   Data   RW          379    .data               usart3.o
    0x20000235   0x00000001   PAD
    0x20000236   0x00000002   Data   RW          508    .data               rtc.o
    0x20000238   0x00000002   Data   RW          549    .data               timer.o
    0x2000023a   0x00000002   Data   RW          550    .data               timer.o
    0x2000023c   0x00000002   Data   RW          551    .data               timer.o
    0x2000023e   0x00000002   Data   RW          552    .data               timer.o
    0x20000240   0x00000002   Data   RW          553    .data               timer.o
    0x20000242   0x00000002   Data   RW          554    .data               timer.o
    0x20000244   0x0000000c   Data   RW          555    .data               timer.o
    0x20000250   0x00000020   Data   RW          571    .data               exti.o
    0x20000270   0x00000001   Data   RW          590    .data               adc.o
    0x20000271   0x00000001   Data   RW          591    .data               adc.o
    0x20000272   0x00000001   Data   RW          592    .data               adc.o
    0x20000273   0x00000001   Data   RW          593    .data               adc.o
    0x20000274   0x00000001   Data   RW          594    .data               adc.o
    0x20000275   0x00000001   Data   RW          595    .data               adc.o
    0x20000276   0x00000002   Data   RW          656    .data               w25qxx.o
    0x20000278   0x00000020   Data   RW          682    .data               bc26.o
    0x20000298   0x00000004   Data   RW          702    .data               delay.o
    0x2000029c   0x0000000c   Data   RW          736    .data               usart.o
    0x200002a8   0x00000001   Data   RW          740    .data               usart.o
    0x200002a9   0x00000003   PAD
    0x200002ac   0x00000004   Data   RW          743    .data               usart.o
    0x200002b0   0x00000014   Data   RW          832    .data               stm32f10x_rcc.o
    0x200002c4   0x00000004   Data   RW          951    .data               cpu_core.o
    0x200002c8   0x00000004   Data   RW         1027    .data               lib_mem.o
    0x200002cc   0x00000008   Data   RW         1195    .data               os_prio.o
    0x200002d4   0x00000004   Data   RW         1307    .data               os_var.o
    0x200002d8   0x00000004   Data   RW         1308    .data               os_var.o
    0x200002dc   0x00000004   Data   RW         1309    .data               os_var.o
    0x200002e0   0x00000004   Data   RW         1310    .data               os_var.o
    0x200002e4   0x00000004   Data   RW         1311    .data               os_var.o
    0x200002e8   0x00000004   Data   RW         1312    .data               os_var.o
    0x200002ec   0x00000004   Data   RW         1313    .data               os_var.o
    0x200002f0   0x00000004   Data   RW         1314    .data               os_var.o
    0x200002f4   0x00000001   Data   RW         1315    .data               os_var.o
    0x200002f5   0x00000001   Data   RW         1316    .data               os_var.o
    0x200002f6   0x00000002   PAD
    0x200002f8   0x00000004   Data   RW         1317    .data               os_var.o
    0x200002fc   0x00000004   Data   RW         1318    .data               os_var.o
    0x20000300   0x00000002   Data   RW         1319    .data               os_var.o
    0x20000302   0x00000002   Data   RW         1320    .data               os_var.o
    0x20000304   0x00000002   Data   RW         1321    .data               os_var.o
    0x20000306   0x00000002   PAD
    0x20000308   0x00000004   Data   RW         1322    .data               os_var.o
    0x2000030c   0x00000004   Data   RW         1323    .data               os_var.o
    0x20000310   0x00000002   Data   RW         1324    .data               os_var.o
    0x20000312   0x00000002   PAD
    0x20000314   0x00000004   Data   RW         1325    .data               os_var.o
    0x20000318   0x00000002   Data   RW         1326    .data               os_var.o
    0x2000031a   0x00000002   PAD
    0x2000031c   0x00000004   Data   RW         1327    .data               os_var.o
    0x20000320   0x00000002   Data   RW         1328    .data               os_var.o
    0x20000322   0x00000001   Data   RW         1329    .data               os_var.o
    0x20000323   0x00000001   Data   RW         1330    .data               os_var.o
    0x20000324   0x00000001   Data   RW         1331    .data               os_var.o
    0x20000325   0x00000003   PAD
    0x20000328   0x00000004   Data   RW         1332    .data               os_var.o
    0x2000032c   0x00000002   Data   RW         1333    .data               os_var.o
    0x2000032e   0x00000002   PAD
    0x20000330   0x00000004   Data   RW         1334    .data               os_var.o
    0x20000334   0x00000004   Data   RW         1335    .data               os_var.o
    0x20000338   0x00000004   Data   RW         1336    .data               os_var.o
    0x2000033c   0x00000001   Data   RW         1337    .data               os_var.o
    0x2000033d   0x00000003   PAD
    0x20000340   0x00000004   Data   RW         1338    .data               os_var.o
    0x20000344   0x00000001   Data   RW         1339    .data               os_var.o
    0x20000345   0x00000003   PAD
    0x20000348   0x00000004   Data   RW         1340    .data               os_var.o
    0x2000034c   0x00000002   Data   RW         1341    .data               os_var.o
    0x2000034e   0x00000001   Data   RW         1342    .data               os_var.o
    0x2000034f   0x00000001   PAD
    0x20000350   0x00000002   Data   RW         1343    .data               os_var.o
    0x20000352   0x00000002   Data   RW         1344    .data               os_var.o
    0x20000354   0x00000004   Data   RW         1345    .data               os_var.o
    0x20000358   0x00000004   Data   RW         1346    .data               os_var.o
    0x2000035c   0x00000004   Data   RW         1347    .data               os_var.o
    0x20000360   0x00000001   Data   RW         1348    .data               os_var.o
    0x20000361   0x00000003   PAD
    0x20000364   0x00000004   Data   RW         1349    .data               os_var.o
    0x20000368   0x00000004   Data   RW         1350    .data               os_var.o
    0x2000036c   0x00000004   Data   RW         1351    .data               os_var.o
    0x20000370   0x00000002   Data   RW         1352    .data               os_var.o
    0x20000372   0x00000001   Data   RW         1353    .data               os_var.o
    0x20000373   0x00000001   PAD
    0x20000374   0x00000004   Data   RW         1354    .data               os_var.o
    0x20000378   0x00000004   Data   RW         1355    .data               os_var.o
    0x2000037c   0x00000004   Data   RW         1356    .data               os_var.o
    0x20000380   0x00000002   Data   RW         1357    .data               os_var.o
    0x20000382   0x00000002   PAD
    0x20000384   0x00000004   Data   RW         1358    .data               os_var.o
    0x20000388   0x00000004   Data   RW         1359    .data               os_var.o
    0x2000038c   0x00000004   Data   RW         1360    .data               os_var.o
    0x20000390   0x00000004   Data   RW         1361    .data               os_var.o
    0x20000394   0x00000004   Data   RW         1362    .data               os_var.o
    0x20000398   0x00000004   Data   RW         1363    .data               os_var.o
    0x2000039c   0x00000004   Data   RW         1380    .data               os_cpu_c.o
    0x200003a0   0x00002680   Zero   RW            2    .bss                main.o
    0x20002a20   0x00000009   Zero   RW          300    .bss                key.o
    0x20002a29   0x00000001   PAD
    0x20002a2a   0x00000800   Zero   RW          322    .bss                stmflash.o
    0x2000322a   0x0000014f   Zero   RW          376    .bss                usart3.o
    0x20003379   0x00000001   PAD
    0x2000337a   0x0000000a   Zero   RW          506    .bss                rtc.o
    0x20003384   0x00001000   Zero   RW          655    .bss                w25qxx.o
    0x20004384   0x0000001e   Zero   RW          676    .bss                bc26.o
    0x200043a2   0x0000001e   Zero   RW          677    .bss                bc26.o
    0x200043c0   0x00000014   Zero   RW          678    .bss                bc26.o
    0x200043d4   0x000001ff   Zero   RW          734    .bss                usart.o
    0x200045d3   0x00000010   Zero   RW          948    .bss                cpu_core.o
    0x200045e3   0x00000001   PAD
    0x200045e4   0x00000448   Zero   RW         1026    .bss                lib_mem.o
    0x20004a2c   0x00000200   Zero   RW         1066    .bss                os_cfg_app.o
    0x20004c2c   0x00000140   Zero   RW         1067    .bss                os_cfg_app.o
    0x20004d6c   0x00000200   Zero   RW         1068    .bss                os_cfg_app.o
    0x20004f6c   0x00000200   Zero   RW         1069    .bss                os_cfg_app.o
    0x2000516c   0x00000640   Zero   RW         1070    .bss                os_cfg_app.o
    0x200057ac   0x00000200   Zero   RW         1071    .bss                os_cfg_app.o
    0x200059ac   0x00000200   Zero   RW         1072    .bss                os_cfg_app.o
    0x20005bac   0x00000088   Zero   RW         1073    .bss                os_cfg_app.o
    0x20005c34   0x00000200   Zero   RW         1074    .bss                os_cfg_app.o
    0x20005e34   0x00000088   Zero   RW         1075    .bss                os_cfg_app.o
    0x20005ebc   0x000000c4   Zero   RW         1300    .bss                os_var.o
    0x20005f80   0x000000c4   Zero   RW         1301    .bss                os_var.o
    0x20006044   0x0000000c   Zero   RW         1302    .bss                os_var.o
    0x20006050   0x00000300   Zero   RW         1303    .bss                os_var.o
    0x20006350   0x000000c4   Zero   RW         1304    .bss                os_var.o
    0x20006414   0x000000c4   Zero   RW         1305    .bss                os_var.o
    0x200064d8   0x000000c4   Zero   RW         1306    .bss                os_var.o
    0x2000659c   0x00000060   Zero   RW         1647    .bss                c_w.l(libspace.o)
    0x200065fc   0x00000004   PAD
    0x20006600   0x00000200   Zero   RW          776    HEAP                startup_stm32f10x_hd.o
    0x20006800   0x00000400   Zero   RW          775    STACK               startup_stm32f10x_hd.o


==============================================================================

Image component sizes


      Code (inc. data)   RO Data    RW Data    ZI Data      Debug   Object Name

       428         36          0          6          0      11865   adc.o
      2848        386          0         32         80       6117   bc26.o
       104         12          0          0          0       1905   bsp.o
        52          0          0          0          0        396   cpu_a.o
       444         12        256          4         16      14157   cpu_core.o
       280         28          0          4          0       2607   delay.o
      1444         46          0         32          0       6113   exti.o
      8948        502          0        314          9      18432   key.o
      5328        150          0        101          0      11998   led.o
       346          0          0          0          0       4158   lib_ascii.o
      1640         26          0          4       1096      18900   lib_mem.o
       544          0          0          0          0        544   lib_mem_a.o
      1448          4        148          0          0       9104   lib_str.o
      1156        238          0         34       9856     307862   main.o
       176         14          0          0          0       1905   misc.o
         2          0        148          0       5264      21234   os_cfg_app.o
      2780        268          0          0          0      10611   os_core.o
       152         32          0          0          0        452   os_cpu_a.o
       392         64          0          4          0       3845   os_cpu_c.o
         2          0          0          0          0        558   os_dbg.o
      1896         80          0          0          0       5825   os_flag.o
       808        146          0          0          0       2252   os_int.o
       372         20          0          0          0       2292   os_mem.o
       392         14          0          0          0       2539   os_msg.o
      1764         92          0          0          0       4516   os_mutex.o
       112          6          0          8          0       1968   os_prio.o
      1552         66          0          0          0       5010   os_q.o
      1364         58          0          0          0       4858   os_sem.o
      1024        146          0          0          0       2565   os_stat.o
      3884        216          0          0          0      10834   os_task.o
       848         82          0          0          0       3175   os_tick.o
       784         42          0          0          0       2937   os_time.o
      1628        128          0          0          0       5474   os_tmr.o
         0          0          0        174       1760      19549   os_var.o
      1008         50         24          2         10       4404   rtc.o
       484         16          0          0          0       1812   spi.o
        64         26        304          0       1536        852   startup_stm32f10x_hd.o
       816         24          0          0          0       9661   stm32f10x_adc.o
       152          8          0          0          0       3544   stm32f10x_bkp.o
       232          8          0          0          0       2339   stm32f10x_exti.o
      1152         22          0          0          0       8220   stm32f10x_flash.o
       612         36          0          0          0       5177   stm32f10x_gpio.o
        14          0          0          0          0       1071   stm32f10x_it.o
       172         12          0          0          0       1879   stm32f10x_pwr.o
       696         32          0         20          0       8400   stm32f10x_rcc.o
       272          6          0          0          0       3140   stm32f10x_rtc.o
       628         14          0          0          0       6014   stm32f10x_spi.o
      2800         84          0          0          0      18402   stm32f10x_tim.o
       808         22          0          0          0       7508   stm32f10x_usart.o
       268          4          0          0       2048       2748   stmflash.o
         0          0          0          0          0         32   sys.o
       344         34          0         20          0       2027   system_stm32f10x.o
       512         54          0         24          0       2086   timer.o
      2232        508          0         17        511       8952   usart.o
      2312        350          0         93        335      20982   usart3.o
       832         24          0          2       4096       4487   w25qxx.o

    ----------------------------------------------------------------------
     61360       4248        912        928      26620     650294   Object Totals
         0          0         32          0          0          0   (incl. Generated)
         8          0          0         33          3          0   (incl. Padding)

    ----------------------------------------------------------------------

      Code (inc. data)   RO Data    RW Data    ZI Data      Debug   Library Member Name

        24          4          0          0          0         84   __2printf.o
        90          0          0          0          0          0   __dczerorl2.o
         8          0          0          0          0         68   __main.o
       396          6         17          0          0         92   __printf_flags_ss_wp.o
        14          0          0          0          0         68   __printf_wp.o
        52          8          0          0          0          0   __scatter.o
        28          0          0          0          0          0   __scatter_zi.o
         6          0          0          0          0          0   _printf_a.o
         6          0          0          0          0          0   _printf_c.o
        44          0          0          0          0        108   _printf_char.o
        48          6          0          0          0         96   _printf_char_common.o
        36          4          0          0          0         80   _printf_char_file.o
        42          0          0          0          0         68   _printf_charcount.o
         6          0          0          0          0          0   _printf_d.o
       120         18          0          0          0         92   _printf_dec.o
         6          0          0          0          0          0   _printf_e.o
         6          0          0          0          0          0   _printf_f.o
      1056          0          0          0          0        216   _printf_fp_dec.o
       128         16          0          0          0         84   _printf_fp_infnan.o
         6          0          0          0          0          0   _printf_g.o
       156          6         40          0          0        160   _printf_hex_int_ll_ptr.o
         6          0          0          0          0          0   _printf_i.o
       184          0          0          0          0         88   _printf_intcommon.o
        10          0          0          0          0          0   _printf_l.o
         6          0          0          0          0          0   _printf_lc.o
        10          0          0          0          0          0   _printf_ll.o
         6          0          0          0          0          0   _printf_lld.o
         6          0          0          0          0          0   _printf_lli.o
         6          0          0          0          0          0   _printf_llo.o
         6          0          0          0          0          0   _printf_llu.o
         6          0          0          0          0          0   _printf_llx.o
       120         16          0          0          0         92   _printf_longlong_dec.o
         6          0          0          0          0          0   _printf_ls.o
         6          0          0          0          0          0   _printf_n.o
         6          0          0          0          0          0   _printf_o.o
       120          8          0          0          0        124   _printf_oct_int_ll.o
         6          0          0          0          0          0   _printf_p.o
        82          0          0          0          0        108   _printf_pad.o
         0          0          0          0          0          0   _printf_percent.o
         4          0          0          0          0          0   _printf_percent_end.o
         6          0          0          0          0          0   _printf_s.o
        82          0          0          0          0         80   _printf_str.o
        36          0          0          0          0         84   _printf_truncate.o
         6          0          0          0          0          0   _printf_u.o
        44          0          0          0          0        108   _printf_wchar.o
       188          6          8          0          0         92   _printf_wctomb.o
         6          0          0          0          0          0   _printf_x.o
        10          0          0          0          0         68   _sputc.o
        64          0          0          0          0         92   _wcrtomb.o
       228          6        148          0          0         96   bigflt0.o
      1910        128          0          0          0        672   btod.o
        36          4          0          0          0         76   c89vsprintf.o
        12          0          0          0          0         72   exit.o
         8          0          0          0          0         68   ferror.o
         6          0          0          0          0        152   heapauxi.o
        44         10        272          0          0         76   lc_ctype_c.o
        44         10         28          0          0         76   lc_numeric_c.o
         2          0          0          0          0          0   libinit.o
        30          0          0          0          0          0   libinit2.o
         2          0          0          0          0          0   libshutdown.o
         2          0          0          0          0          0   libshutdown2.o
         8          4          0          0         96         68   libspace.o
       138          0          0          0          0         80   lludiv10.o
       238          0          0          0          0        100   lludivv7m.o
        16          4          0          0          0         76   rt_ctype_table.o
         8          4          0          0          0         68   rt_locale_intlibspace.o
         0          0          0          0          0          0   rtentry.o
        12          0          0          0          0          0   rtentry2.o
         6          0          0          0          0          0   rtentry4.o
         2          0          0          0          0          0   rtexit.o
        10          0          0          0          0          0   rtexit2.o
       128          0          0          0          0         68   strcmpv7m.o
        62          0          0          0          0         76   strlen.o
        36          0          0          0          0         80   strstr.o
        74          0          0          0          0         80   sys_stackheap_outer.o
         2          0          0          0          0         68   use_no_semi.o
         2          0          0          0          0         68   use_no_semi_2.o
         4          0          0          0          0         68   printf1.o
         0          0          0          0          0          0   usenofp.o
        40          0          0          0          0         68   fpclassify.o

    ----------------------------------------------------------------------
      6436        268        516          0        100       4408   Library Totals
        10          0          3          0          4          0   (incl. Padding)

    ----------------------------------------------------------------------

      Code (inc. data)   RO Data    RW Data    ZI Data      Debug   Library Name

      6382        268        513          0         96       4272   c_w.l
         4          0          0          0          0         68   fz_ws.l
        40          0          0          0          0         68   m_ws.l

    ----------------------------------------------------------------------
      6436        268        516          0        100       4408   Library Totals

    ----------------------------------------------------------------------

==============================================================================


      Code (inc. data)   RO Data    RW Data    ZI Data      Debug   

     67796       4516       1428        928      26720     645130   Grand Totals
     67796       4516       1428        252      26720     645130   ELF Image Totals (compressed)
     67796       4516       1428        252          0          0   ROM Totals

==============================================================================

    Total RO  Size (Code + RO Data)                69224 (  67.60kB)
    Total RW  Size (RW Data + ZI Data)             27648 (  27.00kB)
    Total ROM Size (Code + RO Data + RW Data)      69476 (  67.85kB)

==============================================================================

